2024-11-05 11:17:19,703 - INFO - 開始處理 74 張圖片
2024-11-05 11:17:24,192 - INFO - 處理完成! 耗時: 4.49 秒
2024-11-05 11:20:41,708 - INFO - 創建輸出目錄成功: output\images, output\labels
2024-11-05 11:20:41,714 - INFO - 開始處理 74 張圖片
2024-11-05 11:20:46,137 - INFO - 處理完成! 耗時: 4.42 秒
2024-11-05 11:21:40,371 - INFO - 創建輸出目錄成功: output\images, output\labels
2024-11-05 11:21:40,377 - INFO - 開始處理 74 張圖片
2024-11-05 11:21:46,571 - INFO - 處理完成! 耗時: 6.19 秒
2024-11-05 11:25:11,212 - INFO - 創建輸出目錄成功: output\images, output\labels
2024-11-05 11:25:11,218 - INFO - 開始處理 74 張圖片
2024-11-05 11:25:44,697 - INFO - 創建輸出目錄成功: output\images, output\labels
2024-11-05 11:25:44,703 - INFO - 開始處理 74 張圖片
2024-11-05 11:25:49,359 - INFO - 處理完成! 耗時: 4.66 秒
2024-11-05 11:39:43,415 - INFO - 創建輸出目錄成功: output\images, output\labels
2024-11-05 11:39:43,426 - INFO - 開始處理 74 張圖片
2024-11-05 11:39:48,984 - INFO - 處理完成! 耗時: 5.56 秒
2024-11-05 11:40:36,165 - INFO - 創建輸出目錄成功: output\images, output\labels
2024-11-05 11:40:36,186 - INFO - 開始處理 74 張圖片
2024-11-05 11:40:41,049 - INFO - 處理完成! 耗時: 4.86 秒
2024-11-05 11:48:33,471 - INFO - 創建輸出目錄成功: output\images, output\labels
2024-11-05 11:48:33,474 - INFO - 開始處理 74 張圖片
2024-11-05 11:50:12,922 - INFO - 處理完成! 耗時: 99.45 秒
2024-11-05 13:14:00,223 - INFO - 創建輸出目錄成功: output\images, output\labels
2024-11-05 13:14:00,226 - INFO - 開始處理 74 張圖片
2024-11-05 13:15:12,534 - INFO - 處理完成! 耗時: 72.31 秒
2024-11-05 13:23:28,784 - INFO - 創建輸出目錄成功: output\images, output\labels
2024-11-05 13:23:28,786 - INFO - 開始處理 74 張圖片
2024-11-05 13:23:42,135 - INFO - 處理完成! 耗時: 13.35 秒
2024-11-05 13:32:46,920 - INFO - 成功從 config.yaml 加載配置
2024-11-05 13:32:46,920 - INFO - 創建輸出目錄成功: output\images, output\labels
2024-11-05 13:32:46,929 - INFO - 開始處理 74 張圖片
2024-11-05 13:32:54,812 - INFO - 處理完成! 耗時: 7.88 秒
2024-11-05 13:36:59,444 - INFO - 成功從 config.yaml 加載配置
2024-11-05 13:36:59,444 - INFO - 創建輸出目錄成功: output\images, output\labels
2024-11-05 13:36:59,456 - INFO - 開始處理 74 張圖片
2024-11-05 13:38:10,790 - INFO - 成功從 config.yaml 加載配置
2024-11-05 13:38:10,790 - INFO - 創建輸出目錄成功: output\images, output\labels
2024-11-05 13:38:10,796 - INFO - 開始處理 74 張圖片
2024-11-05 13:38:25,741 - INFO - 處理完成! 耗時: 14.95 秒
2024-11-06 10:06:52,256 - INFO - 創建輸出目錄成功: output\images, output\labels
2024-11-06 10:06:52,260 - INFO - 開始處理 74 張圖片
2024-11-06 10:07:02,785 - INFO - 處理完成! 耗時: 10.53 秒
2024-11-06 10:10:13,831 - INFO - 成功從 config.yaml 加載配置
2024-11-06 10:10:13,832 - INFO - 創建輸出目錄成功: output\images, output\labels
2024-11-06 10:10:13,835 - INFO - 開始處理 74 張圖片
2024-11-06 10:11:37,138 - INFO - 處理完成! 耗時: 83.30 秒
2024-11-06 10:23:08,766 - INFO - 成功從 config.yaml 加載配置
2024-11-06 10:23:08,766 - INFO - 創建輸出目錄成功: output\images, output\labels
2024-11-06 10:23:08,774 - INFO - 開始處理 74 張圖片
2024-11-06 10:24:53,100 - INFO - 處理完成! 耗時: 104.33 秒
2024-11-06 13:56:18,376 - INFO - 成功從 config.yaml 加載配置
2024-11-06 13:56:18,377 - INFO - 創建輸出目錄成功: output\images, output\labels
2024-11-06 13:56:18,384 - INFO - 開始處理 74 張圖片
2024-11-06 13:57:54,284 - INFO - 處理完成! 耗時: 95.90 秒
2024-11-06 14:13:23,647 - INFO - 成功從 config.yaml 加載配置
2024-11-06 14:13:23,647 - INFO - 創建輸出目錄成功: output\images, output\labels
2024-11-06 14:13:23,654 - INFO - 開始處理 74 張圖片
2024-11-06 14:16:28,367 - INFO - 處理完成! 耗時: 184.71 秒
2024-11-08 13:46:25,746 - INFO - 創建輸出目錄成功: output\images, output\labels
2024-11-08 13:46:25,749 - INFO - 開始處理 74 張圖片
2024-11-08 13:46:35,291 - INFO - 處理完成! 耗時: 9.54 秒
2024-11-08 13:48:36,371 - INFO - 成功從 config.yaml 加載配置
2024-11-08 13:48:36,372 - INFO - 創建輸出目錄成功: output\images, output\labels
2024-11-08 13:48:36,376 - INFO - 開始處理 1 張圖片
2024-11-08 13:48:38,618 - INFO - 處理完成! 耗時: 2.24 秒
2024-11-08 13:51:19,032 - INFO - 成功從 config.yaml 加載配置
2024-11-08 13:51:19,032 - INFO - 創建輸出目錄成功: output\images, output\labels
2024-11-08 13:51:19,035 - INFO - 開始處理 1 張圖片
2024-11-08 13:52:53,242 - INFO - 處理完成! 耗時: 94.21 秒
2024-11-11 17:16:13,272 - INFO - 成功從 config.yaml 加載配置
2024-11-11 17:16:13,273 - INFO - 創建輸出目錄成功: output\images, output\labels
2024-11-11 17:16:13,277 - INFO - 開始處理 1 張圖片
2024-11-11 17:19:04,358 - INFO - 處理完成! 耗時: 171.08 秒
2024-11-11 17:28:08,479 - INFO - 創建輸出目錄成功: output\images, output\labels
2024-11-11 17:28:08,482 - INFO - 開始處理 1 張圖片
2024-11-11 17:28:22,307 - INFO - 成功從 config.yaml 加載配置
2024-11-11 17:28:22,307 - INFO - 創建輸出目錄成功: output\images, output\labels
2024-11-11 17:28:22,313 - INFO - 開始處理 1 張圖片
2024-11-11 17:30:37,497 - INFO - 成功從 config.yaml 加載配置
2024-11-11 17:30:37,498 - INFO - 創建輸出目錄成功: output\images, output\labels
2024-11-11 17:30:37,501 - INFO - 開始處理 1 張圖片
2024-11-11 17:33:30,446 - INFO - 處理完成! 耗時: 172.94 秒
2024-11-12 16:59:18,207 - INFO - 成功從 config.yaml 加載配置
2024-11-12 16:59:18,209 - INFO - 創建輸出目錄成功: output\images, output\labels
2024-11-12 16:59:18,214 - INFO - 開始處理 1 張圖片
2024-11-12 16:59:21,181 - INFO - 處理完成! 耗時: 2.97 秒
2024-11-12 17:09:34,816 - INFO - 成功從 config.yaml 加載配置
2024-11-12 17:09:34,816 - INFO - 創建輸出目錄成功: output\images, output\labels
2024-11-12 17:09:34,822 - INFO - 開始處理 1 張圖片
2024-11-12 17:09:56,050 - INFO - 處理完成! 耗時: 21.23 秒
2024-11-12 17:13:34,542 - INFO - 成功從 config.yaml 加載配置
2024-11-12 17:13:34,542 - INFO - 創建輸出目錄成功: output\images, output\labels
2024-11-12 17:13:34,549 - INFO - 開始處理 1 張圖片
2024-11-12 17:13:44,824 - INFO - 處理完成! 耗時: 10.27 秒
2024-11-12 17:22:55,993 - INFO - 成功從 config.yaml 加載配置
2024-11-12 17:22:55,994 - INFO - 創建輸出目錄成功: output\images, output\labels
2024-11-12 17:22:55,998 - INFO - 開始處理 1 張圖片
2024-11-12 17:23:35,755 - INFO - 處理完成! 耗時: 39.76 秒
2024-11-13 09:11:48,759 - INFO - 成功從 config.yaml 加載配置
2024-11-13 09:11:48,759 - INFO - 創建輸出目錄成功: output\images, output\labels
2024-11-13 09:11:48,769 - INFO - 開始處理 1 張圖片
2024-11-13 09:14:57,356 - INFO - 處理完成! 耗時: 188.59 秒
2024-11-13 09:17:28,132 - INFO - 成功從 config.yaml 加載配置
2024-11-13 09:17:28,133 - INFO - 創建輸出目錄成功: output\images, output\labels
2024-11-13 09:17:28,138 - INFO - 開始處理 1 張圖片
2024-11-13 09:21:14,762 - INFO - 處理完成! 耗時: 226.62 秒
2024-11-13 10:13:26,840 - INFO - 成功從 config.yaml 加載配置
2024-11-13 10:13:26,840 - INFO - 創建輸出目錄成功: output\images, output\labels
2024-11-13 10:13:26,844 - INFO - 開始處理 1 張圖片
2024-11-13 10:13:28,971 - INFO - 處理完成! 耗時: 2.13 秒
2024-11-13 10:14:19,573 - INFO - 成功從 config.yaml 加載配置
2024-11-13 10:14:19,573 - INFO - 創建輸出目錄成功: output\images, output\labels
2024-11-13 10:14:19,576 - INFO - 開始處理 1 張圖片
2024-11-13 10:14:34,299 - INFO - 處理完成! 耗時: 14.72 秒
2024-11-20 17:10:29,930 - INFO - 成功從 config.yaml 加載配置
2024-11-20 17:10:29,931 - INFO - 創建輸出目錄成功: output\images, output\labels
2024-11-20 17:10:29,934 - INFO - 開始處理 11 張圖片
2024-11-20 17:11:53,952 - INFO - 處理完成! 耗時: 84.02 秒
2024-11-20 17:13:14,297 - INFO - 成功從 config.yaml 加載配置
2024-11-20 17:13:14,298 - INFO - 創建輸出目錄成功: output\images, output\labels
2024-11-20 17:13:14,301 - INFO - 開始處理 11 張圖片
2024-11-20 17:14:48,584 - INFO - 處理完成! 耗時: 94.28 秒
2024-11-28 16:30:26,470 - ERROR - 加載配置文件失敗: while scanning a double-quoted scalar
  in "config.yaml", line 2, column 14
found unknown escape character 'G'
  in "config.yaml", line 2, column 18
2024-11-28 16:30:26,472 - INFO - 創建輸出目錄成功: output\images, output\labels
2024-11-28 16:30:26,477 - ERROR - 輸入圖片目錄不存在: A\img
2024-11-28 16:31:02,171 - ERROR - 加載配置文件失敗: while scanning a double-quoted scalar
  in "config.yaml", line 2, column 14
found unknown escape character 'G'
  in "config.yaml", line 2, column 18
2024-11-28 16:31:02,172 - INFO - 創建輸出目錄成功: output\images, output\labels
2024-11-28 16:31:02,174 - ERROR - 輸入圖片目錄不存在: A\img
2024-11-28 16:33:43,629 - INFO - 成功從 config.yaml 加載配置
2024-11-28 16:33:43,630 - INFO - 創建輸出目錄成功: output\images, output\labels
2024-11-28 16:33:43,632 - ERROR - 輸入圖片目錄不存在: \target\result\data1
2024-11-28 16:34:17,356 - INFO - 成功從 config.yaml 加載配置
2024-11-28 16:34:17,357 - INFO - 創建輸出目錄成功: output\images, output\labels
2024-11-28 16:34:17,359 - INFO - 開始處理 74 張圖片
2024-12-09 13:47:40,940 - INFO - 成功從 config.yaml 加載配置
2024-12-09 13:47:40,941 - INFO - 創建輸出目錄成功: output\images
2024-12-09 13:47:40,947 - INFO - 開始處理 74 張圖片
2024-12-09 13:48:43,663 - INFO - 處理完成! 耗時: 62.72 秒
2024-12-09 13:51:44,232 - INFO - 成功從 config.yaml 加載配置
2024-12-09 13:51:44,232 - INFO - 創建輸出目錄成功: output\images
2024-12-09 13:51:44,236 - INFO - 開始處理 102 張圖片
2024-12-09 13:52:50,213 - INFO - 處理完成! 耗時: 65.98 秒
2024-12-09 13:54:34,216 - INFO - 成功從 config.yaml 加載配置
2024-12-09 13:54:34,217 - INFO - 創建輸出目錄成功: output\images
2024-12-09 13:54:34,219 - INFO - 開始處理 102 張圖片
2024-12-09 13:54:35,671 - INFO - 處理完成! 耗時: 1.45 秒
2024-12-09 13:55:51,798 - INFO - 成功從 config.yaml 加載配置
2024-12-09 13:55:51,799 - INFO - 創建輸出目錄成功: output\images
2024-12-09 13:55:51,802 - INFO - 開始處理 102 張圖片
2024-12-09 13:55:53,723 - INFO - 處理完成! 耗時: 1.92 秒
2024-12-09 13:56:58,885 - INFO - 成功從 config.yaml 加載配置
2024-12-09 13:56:58,886 - INFO - 創建輸出目錄成功: output\images
2024-12-09 13:56:58,889 - INFO - 開始處理 102 張圖片
2024-12-09 13:57:00,770 - INFO - 處理完成! 耗時: 1.88 秒
