2024-12-11 16:13:19,955 - INFO - 成功載入影像：color\Black\1.PNG
2024-12-11 16:13:19,957 - INFO - 成功載入影像：color\Black\10.PNG
2024-12-11 16:13:19,958 - INFO - 成功載入影像：color\Black\2.PNG
2024-12-11 16:13:19,958 - INFO - 成功載入影像：color\Black\3.PNG
2024-12-11 16:13:19,959 - INFO - 成功載入影像：color\Black\4.PNG
2024-12-11 16:13:19,961 - INFO - 成功載入影像：color\Black\5.PNG
2024-12-11 16:13:19,962 - INFO - 成功載入影像：color\Black\6.PNG
2024-12-11 16:13:19,963 - INFO - 成功載入影像：color\Black\7.PNG
2024-12-11 16:13:19,964 - INFO - 成功載入影像：color\Black\8.PNG
2024-12-11 16:13:19,966 - INFO - 成功載入影像：color\Black\9.PNG
2024-12-11 16:13:20,618 - INFO - 完成 Black 的顏色空間分析，共處理 10 張影像
2024-12-11 16:13:20,619 - INFO - 成功載入影像：color\Black1\1.PNG
2024-12-11 16:13:20,621 - INFO - 成功載入影像：color\Black1\10.PNG
2024-12-11 16:13:20,622 - INFO - 成功載入影像：color\Black1\2.PNG
2024-12-11 16:13:20,623 - INFO - 成功載入影像：color\Black1\3.PNG
2024-12-11 16:13:20,624 - INFO - 成功載入影像：color\Black1\4.PNG
2024-12-11 16:13:20,625 - INFO - 成功載入影像：color\Black1\5.PNG
2024-12-11 16:13:20,626 - INFO - 成功載入影像：color\Black1\6.PNG
2024-12-11 16:13:20,628 - INFO - 成功載入影像：color\Black1\7.PNG
2024-12-11 16:13:20,629 - INFO - 成功載入影像：color\Black1\8.PNG
2024-12-11 16:13:20,631 - INFO - 成功載入影像：color\Black1\9.PNG
2024-12-11 16:13:21,166 - INFO - 完成 Black1 的顏色空間分析，共處理 10 張影像
2024-12-11 16:13:21,167 - INFO - 成功載入影像：color\Green\1.PNG
2024-12-11 16:13:21,168 - INFO - 成功載入影像：color\Green\10.PNG
2024-12-11 16:13:21,169 - INFO - 成功載入影像：color\Green\2.PNG
2024-12-11 16:13:21,170 - INFO - 成功載入影像：color\Green\3.PNG
2024-12-11 16:13:21,171 - INFO - 成功載入影像：color\Green\4.PNG
2024-12-11 16:13:21,172 - INFO - 成功載入影像：color\Green\5.PNG
2024-12-11 16:13:21,173 - INFO - 成功載入影像：color\Green\6.PNG
2024-12-11 16:13:21,175 - INFO - 成功載入影像：color\Green\7.PNG
2024-12-11 16:13:21,176 - INFO - 成功載入影像：color\Green\8.PNG
2024-12-11 16:13:21,178 - INFO - 成功載入影像：color\Green\9.PNG
2024-12-11 16:13:21,860 - INFO - 完成 Green 的顏色空間分析，共處理 10 張影像
2024-12-11 16:13:21,862 - INFO - 成功載入影像：color\Orange\1.PNG
2024-12-11 16:13:21,863 - INFO - 成功載入影像：color\Orange\10.PNG
2024-12-11 16:13:21,865 - INFO - 成功載入影像：color\Orange\11.PNG
2024-12-11 16:13:21,868 - INFO - 成功載入影像：color\Orange\12.PNG
2024-12-11 16:13:21,873 - INFO - 成功載入影像：color\Orange\2.PNG
2024-12-11 16:13:21,875 - INFO - 成功載入影像：color\Orange\3.PNG
2024-12-11 16:13:21,878 - INFO - 成功載入影像：color\Orange\4.PNG
2024-12-11 16:13:21,880 - INFO - 成功載入影像：color\Orange\5.PNG
2024-12-11 16:13:21,882 - INFO - 成功載入影像：color\Orange\6.PNG
2024-12-11 16:13:21,885 - INFO - 成功載入影像：color\Orange\7.PNG
2024-12-11 16:13:21,890 - INFO - 成功載入影像：color\Orange\8.PNG
2024-12-11 16:13:21,891 - INFO - 成功載入影像：color\Orange\9.PNG
2024-12-11 16:13:22,700 - INFO - 完成 Orange 的顏色空間分析，共處理 12 張影像
2024-12-11 16:13:22,709 - INFO - 成功載入影像：color\Red\1.PNG
2024-12-11 16:13:22,711 - INFO - 成功載入影像：color\Red\10.PNG
2024-12-11 16:13:22,713 - INFO - 成功載入影像：color\Red\2.PNG
2024-12-11 16:13:22,716 - INFO - 成功載入影像：color\Red\3.PNG
2024-12-11 16:13:22,720 - INFO - 成功載入影像：color\Red\4.PNG
2024-12-11 16:13:22,724 - INFO - 成功載入影像：color\Red\5.PNG
2024-12-11 16:13:22,729 - INFO - 成功載入影像：color\Red\6.PNG
2024-12-11 16:13:22,731 - INFO - 成功載入影像：color\Red\7.PNG
2024-12-11 16:13:22,735 - INFO - 成功載入影像：color\Red\8.PNG
2024-12-11 16:13:22,739 - INFO - 成功載入影像：color\Red\9.PNG
2024-12-11 16:13:23,459 - INFO - 完成 Red 的顏色空間分析，共處理 10 張影像
2024-12-11 16:13:23,481 - INFO - 成功載入影像：color\Yellow\1.PNG
2024-12-11 16:13:23,487 - INFO - 成功載入影像：color\Yellow\10.PNG
2024-12-11 16:13:23,495 - INFO - 成功載入影像：color\Yellow\2.PNG
2024-12-11 16:13:23,499 - INFO - 成功載入影像：color\Yellow\3.PNG
2024-12-11 16:13:23,500 - INFO - 成功載入影像：color\Yellow\4.PNG
2024-12-11 16:13:23,502 - INFO - 成功載入影像：color\Yellow\5.PNG
2024-12-11 16:13:23,504 - INFO - 成功載入影像：color\Yellow\6.PNG
2024-12-11 16:13:23,506 - INFO - 成功載入影像：color\Yellow\7.PNG
2024-12-11 16:13:23,509 - INFO - 成功載入影像：color\Yellow\8.PNG
2024-12-11 16:13:23,511 - INFO - 成功載入影像：color\Yellow\9.PNG
2024-12-11 16:13:24,300 - INFO - 完成 Yellow 的顏色空間分析，共處理 10 張影像
2024-12-11 16:13:24,300 - INFO - 已生成 Black 的建議值
2024-12-11 16:13:24,300 - INFO - 已生成 Black1 的建議值
2024-12-11 16:13:24,301 - INFO - 已生成 Green 的建議值
2024-12-11 16:13:24,301 - INFO - 已生成 Orange 的建議值
2024-12-11 16:13:24,301 - INFO - 已生成 Red 的建議值
2024-12-11 16:13:24,301 - INFO - 已生成 Yellow 的建議值
2024-12-11 16:13:24,516 - INFO - 已儲存 Black 的顏色分布圖
2024-12-11 16:13:24,636 - INFO - 已儲存 Black1 的顏色分布圖
2024-12-11 16:13:24,750 - INFO - 已儲存 Green 的顏色分布圖
2024-12-11 16:13:24,865 - INFO - 已儲存 Orange 的顏色分布圖
2024-12-11 16:13:24,984 - INFO - 已儲存 Red 的顏色分布圖
2024-12-11 16:13:25,091 - INFO - 已儲存 Yellow 的顏色分布圖
