2024-12-11 13:50:14,619 - INFO - 成功載入影像：color\Black\1.PNG
2024-12-11 13:50:14,621 - INFO - 成功載入影像：color\Black\10.PNG
2024-12-11 13:50:14,622 - INFO - 成功載入影像：color\Black\2.PNG
2024-12-11 13:50:14,623 - INFO - 成功載入影像：color\Black\3.PNG
2024-12-11 13:50:14,624 - INFO - 成功載入影像：color\Black\4.PNG
2024-12-11 13:50:14,625 - INFO - 成功載入影像：color\Black\5.PNG
2024-12-11 13:50:14,626 - INFO - 成功載入影像：color\Black\6.PNG
2024-12-11 13:50:14,629 - INFO - 成功載入影像：color\Black\7.PNG
2024-12-11 13:50:14,630 - INFO - 成功載入影像：color\Black\8.PNG
2024-12-11 13:50:14,632 - INFO - 成功載入影像：color\Black\9.PNG
2024-12-11 13:50:15,290 - INFO - 完成 Black 的顏色空間分析，共處理 10 張影像
2024-12-11 13:50:15,292 - INFO - 成功載入影像：color\Black1\1.PNG
2024-12-11 13:50:15,293 - INFO - 成功載入影像：color\Black1\10.PNG
2024-12-11 13:50:15,294 - INFO - 成功載入影像：color\Black1\2.PNG
2024-12-11 13:50:15,295 - INFO - 成功載入影像：color\Black1\3.PNG
2024-12-11 13:50:15,296 - INFO - 成功載入影像：color\Black1\4.PNG
2024-12-11 13:50:15,298 - INFO - 成功載入影像：color\Black1\5.PNG
2024-12-11 13:50:15,299 - INFO - 成功載入影像：color\Black1\6.PNG
2024-12-11 13:50:15,301 - INFO - 成功載入影像：color\Black1\7.PNG
2024-12-11 13:50:15,302 - INFO - 成功載入影像：color\Black1\8.PNG
2024-12-11 13:50:15,305 - INFO - 成功載入影像：color\Black1\9.PNG
2024-12-11 13:50:15,852 - INFO - 完成 Black1 的顏色空間分析，共處理 10 張影像
2024-12-11 13:50:15,853 - INFO - 成功載入影像：color\Green\1.PNG
2024-12-11 13:50:15,854 - INFO - 成功載入影像：color\Green\10.PNG
2024-12-11 13:50:15,855 - INFO - 成功載入影像：color\Green\2.PNG
2024-12-11 13:50:15,856 - INFO - 成功載入影像：color\Green\3.PNG
2024-12-11 13:50:15,857 - INFO - 成功載入影像：color\Green\4.PNG
2024-12-11 13:50:15,859 - INFO - 成功載入影像：color\Green\5.PNG
2024-12-11 13:50:15,860 - INFO - 成功載入影像：color\Green\6.PNG
2024-12-11 13:50:15,862 - INFO - 成功載入影像：color\Green\7.PNG
2024-12-11 13:50:15,864 - INFO - 成功載入影像：color\Green\8.PNG
2024-12-11 13:50:15,865 - INFO - 成功載入影像：color\Green\9.PNG
2024-12-11 13:50:16,565 - INFO - 完成 Green 的顏色空間分析，共處理 10 張影像
2024-12-11 13:50:16,567 - INFO - 成功載入影像：color\Orange\1.PNG
2024-12-11 13:50:16,568 - INFO - 成功載入影像：color\Orange\10.PNG
2024-12-11 13:50:16,571 - INFO - 成功載入影像：color\Orange\11.PNG
2024-12-11 13:50:16,574 - INFO - 成功載入影像：color\Orange\12.PNG
2024-12-11 13:50:16,580 - INFO - 成功載入影像：color\Orange\2.PNG
2024-12-11 13:50:16,583 - INFO - 成功載入影像：color\Orange\3.PNG
2024-12-11 13:50:16,586 - INFO - 成功載入影像：color\Orange\4.PNG
2024-12-11 13:50:16,588 - INFO - 成功載入影像：color\Orange\5.PNG
2024-12-11 13:50:16,590 - INFO - 成功載入影像：color\Orange\6.PNG
2024-12-11 13:50:16,593 - INFO - 成功載入影像：color\Orange\7.PNG
2024-12-11 13:50:16,598 - INFO - 成功載入影像：color\Orange\8.PNG
2024-12-11 13:50:16,599 - INFO - 成功載入影像：color\Orange\9.PNG
2024-12-11 13:50:17,436 - INFO - 完成 Orange 的顏色空間分析，共處理 12 張影像
2024-12-11 13:50:17,438 - INFO - 成功載入影像：color\Red\1.PNG
2024-12-11 13:50:17,441 - INFO - 成功載入影像：color\Red\10.PNG
2024-12-11 13:50:17,443 - INFO - 成功載入影像：color\Red\2.PNG
2024-12-11 13:50:17,446 - INFO - 成功載入影像：color\Red\3.PNG
2024-12-11 13:50:17,450 - INFO - 成功載入影像：color\Red\4.PNG
2024-12-11 13:50:17,453 - INFO - 成功載入影像：color\Red\5.PNG
2024-12-11 13:50:17,459 - INFO - 成功載入影像：color\Red\6.PNG
2024-12-11 13:50:17,461 - INFO - 成功載入影像：color\Red\7.PNG
2024-12-11 13:50:17,466 - INFO - 成功載入影像：color\Red\8.PNG
2024-12-11 13:50:17,470 - INFO - 成功載入影像：color\Red\9.PNG
2024-12-11 13:50:18,177 - INFO - 完成 Red 的顏色空間分析，共處理 10 張影像
2024-12-11 13:50:18,179 - INFO - 成功載入影像：color\Yellow\1.PNG
2024-12-11 13:50:18,180 - INFO - 成功載入影像：color\Yellow\10.PNG
2024-12-11 13:50:18,181 - INFO - 成功載入影像：color\Yellow\2.PNG
2024-12-11 13:50:18,182 - INFO - 成功載入影像：color\Yellow\3.PNG
2024-12-11 13:50:18,183 - INFO - 成功載入影像：color\Yellow\4.PNG
2024-12-11 13:50:18,184 - INFO - 成功載入影像：color\Yellow\5.PNG
2024-12-11 13:50:18,186 - INFO - 成功載入影像：color\Yellow\6.PNG
2024-12-11 13:50:18,187 - INFO - 成功載入影像：color\Yellow\7.PNG
2024-12-11 13:50:18,189 - INFO - 成功載入影像：color\Yellow\8.PNG
2024-12-11 13:50:18,190 - INFO - 成功載入影像：color\Yellow\9.PNG
2024-12-11 13:50:18,886 - INFO - 完成 Yellow 的顏色空間分析，共處理 10 張影像
2024-12-11 13:50:18,886 - INFO - 已生成 Black 的建議值
2024-12-11 13:50:18,887 - INFO - 已生成 Black1 的建議值
2024-12-11 13:50:18,887 - INFO - 已生成 Green 的建議值
2024-12-11 13:50:18,887 - INFO - 已生成 Orange 的建議值
2024-12-11 13:50:18,887 - INFO - 已生成 Red 的建議值
2024-12-11 13:50:18,888 - INFO - 已生成 Yellow 的建議值
2024-12-11 13:50:19,136 - INFO - 已儲存 Black 的顏色分布圖
2024-12-11 13:50:19,290 - INFO - 已儲存 Black1 的顏色分布圖
2024-12-11 13:50:19,430 - INFO - 已儲存 Green 的顏色分布圖
2024-12-11 13:50:19,568 - INFO - 已儲存 Orange 的顏色分布圖
2024-12-11 13:50:19,713 - INFO - 已儲存 Red 的顏色分布圖
2024-12-11 13:50:19,891 - INFO - 已儲存 Yellow 的顏色分布圖
